<?xml version="1.0" encoding="ISO-8859-1" standalone="yes"?>
<testcase>
   <expectedValue_0>{"INPUT":{"P_FLD1":5.0,"P_FLD2":5.0},"OUTPUT":{"Rtn_xxVar":10.0}}</expectedValue_0>
</testcase>